
> reclaim-ai@0.0.0 build
> tsc -b && vite build

src/components/admin/AddItemModal.tsx(4,3): error TS6133: 'addItem' is declared but its value is never read.
src/components/ui/ChatInterface.tsx(49,10): error TS6133: 'credits' is declared but its value is never read.
src/pages/admin/MatchesPage.tsx(3,10): error TS6133: 'Search' is declared but its value is never read.
src/pages/admin/MatchesPage.tsx(3,18): error TS6133: 'Filter' is declared but its value is never read.
src/pages/admin/MatchesPage.tsx(4,25): error TS1484: 'Match' is a type and must be imported using a type-only import when 'verbatimModuleSyntax' is enabled.
src/pages/admin/MatchesPage.tsx(9,12): error TS6133: 'searchTerm' is declared but its value is never read.
src/pages/admin/MatchesPage.tsx(9,24): error TS6133: 'setSearchTerm' is declared but its value is never read.
src/pages/admin/MatchesPage.tsx(27,45): error TS6133: 'match' is declared but its value is never read.
src/pages/user/ProfilePage.tsx(320,42): error TS18047: 'user' is possibly 'null'.
src/services/userService.ts(9,3): error TS6133: 'where' is declared but its value is never read.
