src/services/aiAgent.ts(77,17): error TS2322: Type 'string' is not assignable to type 'ConversationState | undefined'.
src/services/aiAgent.ts(92,17): error TS2322: Type 'string' is not assignable to type 'ConversationState'.
src/services/aiAgent.ts(94,17): error TS2322: Type 'import("C:/Users/vinay/OneDrive/Desktop/Semester 6/GDG Hackathon/ReClaim-AI/server/src/graph/types", { with: { "resolution-mode": "import" } }).MatchResult[]' is not assignable to type 'import("C:/Users/vinay/OneDrive/Desktop/Semester 6/GDG Hackathon/ReClaim-AI/server/src/types/index", { with: { "resolution-mode": "import" } }).MatchResult[]'.
  Type 'import("C:/Users/vinay/OneDrive/Desktop/Semester 6/GDG Hackathon/ReClaim-AI/server/src/graph/types", { with: { "resolution-mode": "import" } }).MatchResult' is not assignable to type 'import("C:/Users/vinay/OneDrive/Desktop/Semester 6/GDG Hackathon/ReClaim-AI/server/src/types/index", { with: { "resolution-mode": "import" } }).MatchResult'.
    Types of property 'item' are incompatible.
      Type '{ id: string; name: string; description: string; location: string; imageUrl?: string | undefined; cloudinaryUrls?: string[] | undefined; }' is missing the following properties from type 'Item': type, status, date, reportedBy
src/services/aiAgent.ts(114,13): error TS2322: Type 'string' is not assignable to type 'ConversationState | undefined'.
src/services/aiAgent.ts(135,13): error TS2322: Type 'string' is not assignable to type 'ConversationState'.
src/services/aiAgent.ts(137,13): error TS2322: Type 'import("C:/Users/vinay/OneDrive/Desktop/Semester 6/GDG Hackathon/ReClaim-AI/server/src/graph/types", { with: { "resolution-mode": "import" } }).MatchResult[]' is not assignable to type 'import("C:/Users/vinay/OneDrive/Desktop/Semester 6/GDG Hackathon/ReClaim-AI/server/src/types/index", { with: { "resolution-mode": "import" } }).MatchResult[]'.
  Type 'import("C:/Users/vinay/OneDrive/Desktop/Semester 6/GDG Hackathon/ReClaim-AI/server/src/graph/types", { with: { "resolution-mode": "import" } }).MatchResult' is not assignable to type 'import("C:/Users/vinay/OneDrive/Desktop/Semester 6/GDG Hackathon/ReClaim-AI/server/src/types/index", { with: { "resolution-mode": "import" } }).MatchResult'.
    Types of property 'item' are incompatible.
      Type '{ id: string; name: string; description: string; location: string; imageUrl?: string | undefined; cloudinaryUrls?: string[] | undefined; }' is missing the following properties from type 'Item': type, status, date, reportedBy
